#
# There is insufficient memory for the Java Runtime Environment to continue.
# Native memory allocation (mmap) failed to map 134217728 bytes. Error detail: G1 virtual space
# Possible reasons:
#   The system is out of physical RAM or swap space
#   This process is running with CompressedOops enabled, and the Java Heap may be blocking the growth of the native heap
# Possible solutions:
#   Reduce memory load on the system
#   Increase physical memory or swap space
#   Check if swap backing store is full
#   Decrease Java heap size (-Xmx/-Xms)
#   Decrease number of Java threads
#   Decrease Java thread stack sizes (-Xss)
#   Set larger code cache with -XX:ReservedCodeCacheSize=
#   JVM is running with Unscaled Compressed Oops mode in which the Java heap is
#     placed in the first 4GB address space. The Java Heap base address is the
#     maximum limit for the native heap growth. Please use -XX:HeapBaseMinAddress
#     to set the Java Heap base and to place the Java Heap above 4GB virtual address.
# This output file may be truncated or incomplete.
#
#  Out of Memory Error (os_windows.cpp:3898), pid=92488, tid=166876
#
# JRE version:  (21.0.6+8) (build )
# Java VM: OpenJDK 64-Bit Server VM (21.0.6+8-b631.39, mixed mode, sharing, tiered, compressed oops, compressed class ptrs, g1 gc, windows-amd64)
# No core dump will be written. Minidumps are not enabled by default on client versions of Windows
#

---------------  S U M M A R Y ------------

Command Line: -Djava.rmi.server.hostname=127.0.0.1 -Duser.timezone=UTC -Xmx2048m -Xms128m -Djdbc.classpath=C:\Users\valery.kamdem\AppData\Local\Temp\RemoteDriver93999.classpath.txt --add-exports=java.desktop/sun.awt=ALL-UNNAMED --add-exports=java.desktop/java.awt.peer=ALL-UNNAMED --add-opens=java.desktop/java.awt=ALL-UNNAMED --add-opens=jdk.unsupported/sun.misc=ALL-UNNAMED --add-opens=java.base/java.nio=ALL-UNNAMED --add-opens=java.base/java.util=ALL-UNNAMED -Dfile.encoding=UTF-8 -Dsun.stdout.encoding=UTF-8 -Dsun.stderr.encoding=UTF-8 com.intellij.database.remote.RemoteJdbcServer org.postgresql.Driver

Host: Intel(R) Core(TM) i7-8650U CPU @ 1.90GHz, 8 cores, 15G,  Windows 11 , 64 bit Build 26100 (10.0.26100.3037)
Time: Fri Feb 21 11:53:02 2025 W. Europe Standard Time elapsed time: 1.203089 seconds (0d 0h 0m 1s)

---------------  T H R E A D  ---------------

Current thread (0x000002c6ee04cda0):  JavaThread "Unknown thread" [_thread_in_vm, id=166876, stack(0x000000cec1f00000,0x000000cec2000000) (1024K)]

Stack: [0x000000cec1f00000,0x000000cec2000000]
Native frames: (J=compiled Java code, j=interpreted, Vv=VM code, C=native code)
V  [jvm.dll+0x6e5d39]
V  [jvm.dll+0x8c4133]
V  [jvm.dll+0x8c668e]
V  [jvm.dll+0x8c6d73]
V  [jvm.dll+0x288f76]
V  [jvm.dll+0x6e25f5]
V  [jvm.dll+0x6d60aa]
V  [jvm.dll+0x3635bb]
V  [jvm.dll+0x36b186]
V  [jvm.dll+0x3bd4b6]
V  [jvm.dll+0x3bd788]
V  [jvm.dll+0x335d2c]
V  [jvm.dll+0x336a1b]
V  [jvm.dll+0x88b589]
V  [jvm.dll+0x3ca688]
V  [jvm.dll+0x874698]
V  [jvm.dll+0x45f04e]
V  [jvm.dll+0x460d31]
C  [jli.dll+0x52ab]
C  [ucrtbase.dll+0x37b0]
C  [KERNEL32.DLL+0x2e8d7]
C  [ntdll.dll+0xbbf2c]


---------------  P R O C E S S  ---------------

Threads class SMR info:
_java_thread_list=0x00007ffb4eb9a148, length=0, elements={
}

Java Threads: ( => current thread )
Total: 0

Other Threads:
  0x000002c6f0498c20 WorkerThread "GC Thread#0"                     [id=182080, stack(0x000000cec2000000,0x000000cec2100000) (1024K)]
  0x000002c6f04aa990 ConcurrentGCThread "G1 Main Marker"            [id=185888, stack(0x000000cec2100000,0x000000cec2200000) (1024K)]
  0x000002c6f04acb50 WorkerThread "G1 Conc#0"                       [id=219596, stack(0x000000cec2200000,0x000000cec2300000) (1024K)]

[error occurred during error reporting (printing all threads), id 0xc0000005, EXCEPTION_ACCESS_VIOLATION (0xc0000005) at pc=0x00007ffb4e288de7]
VM state: not at safepoint (not fully initialized)

VM Mutex/Monitor currently owned by a thread:  ([mutex/lock_event])
[0x00007ffb4ec0eb30] Heap_lock - owner thread: 0x000002c6ee04cda0

Heap address: 0x0000000080000000, size: 2048 MB, Compressed Oops mode: 32-bit

CDS archive(s) mapped at: [0x0000000000000000-0x0000000000000000-0x0000000000000000), size 0, SharedBaseAddress: 0x0000000800000000, ArchiveRelocationMode: 1.
Narrow klass base: 0x0000000000000000, Narrow klass shift: 0, Narrow klass range: 0x0

GC Precious Log:
 CardTable entry size: 512
 Card Set container configuration: InlinePtr #cards 5 size 8 Array Of Cards #cards 12 size 40 Howl #buckets 4 coarsen threshold 1843 Howl Bitmap #cards 512 size 80 coarsen threshold 460 Card regions per heap region 1 cards per card region 2048

Heap:
 garbage-first heap   total 0K, used 0K [0x0000000080000000, 0x0000000100000000)
  region size 1024K, 0 young (0K), 0 survivors (0K)
 Metaspace       used 0K, committed 0K, reserved 0K
  class space    used 0K, committed 0K, reserved 0K

Heap Regions: E=young(eden), S=young(survivor), O=old, HS=humongous(starts), HC=humongous(continues), CS=collection set, F=free, TAMS=top-at-mark-start, PB=parsable bottom

Card table byte_map: [0x000002c6f4af0000,0x000002c6f4ef0000] _byte_map_base: 0x000002c6f46f0000

Marking Bits: (CMBitMap*) 0x000002c6f0499230
 Bits: [0x000002c6f4ef0000, 0x000002c6f6ef0000)

GC Heap History (0 events):
No events

Dll operation events (1 events):
Event: 0.052 Loaded shared library C:\Program Files\JetBrains\WebStorm 2024.3.2.1\jbr\bin\java.dll

Deoptimization events (0 events):
No events

Classes loaded (0 events):
No events

Classes unloaded (0 events):
No events

Classes redefined (0 events):
No events

Internal exceptions (0 events):
No events

ZGC Phase Switch (0 events):
No events

VM Operations (0 events):
No events

Memory protections (0 events):
No events

Nmethod flushes (0 events):
No events

Events (0 events):
No events


Dynamic libraries:
0x00007ff7a23c0000 - 0x00007ff7a23ca000 	C:\Program Files\JetBrains\WebStorm 2024.3.2.1\jbr\bin\java.exe
0x00007ffc0b2c0000 - 0x00007ffc0b523000 	C:\WINDOWS\SYSTEM32\ntdll.dll
0x00007ffc09b60000 - 0x00007ffc09c27000 	C:\WINDOWS\System32\KERNEL32.DLL
0x00007ffc089c0000 - 0x00007ffc08d87000 	C:\WINDOWS\System32\KERNELBASE.dll
0x00007ffc04dd0000 - 0x00007ffc04e6c000 	C:\WINDOWS\SYSTEM32\apphelp.dll
0x00007ffc08700000 - 0x00007ffc0884c000 	C:\WINDOWS\System32\ucrtbase.dll
0x00007ffbf85d0000 - 0x00007ffbf85eb000 	C:\Program Files\JetBrains\WebStorm 2024.3.2.1\jbr\bin\VCRUNTIME140.dll
0x00007ffbf6ff0000 - 0x00007ffbf7008000 	C:\Program Files\JetBrains\WebStorm 2024.3.2.1\jbr\bin\jli.dll
0x00007ffc0af50000 - 0x00007ffc0b119000 	C:\WINDOWS\System32\USER32.dll
0x00007ffbd4e10000 - 0x00007ffbd50a0000 	C:\WINDOWS\WinSxS\amd64_microsoft.windows.common-controls_6595b64144ccf1df_6.0.26100.3037_none_3e09262ce333c378\COMCTL32.dll
0x00007ffc08f50000 - 0x00007ffc08f77000 	C:\WINDOWS\System32\win32u.dll
0x00007ffc09440000 - 0x00007ffc094e9000 	C:\WINDOWS\System32\msvcrt.dll
0x00007ffc09fc0000 - 0x00007ffc09fea000 	C:\WINDOWS\System32\GDI32.dll
0x00007ffc08e20000 - 0x00007ffc08f4b000 	C:\WINDOWS\System32\gdi32full.dll
0x00007ffc08850000 - 0x00007ffc088f3000 	C:\WINDOWS\System32\msvcp_win.dll
0x00007ffc09aa0000 - 0x00007ffc09acf000 	C:\WINDOWS\System32\IMM32.DLL
0x00007ffbff630000 - 0x00007ffbff63c000 	C:\Program Files\JetBrains\WebStorm 2024.3.2.1\jbr\bin\vcruntime140_1.dll
0x00007ffba0180000 - 0x00007ffba020d000 	C:\Program Files\JetBrains\WebStorm 2024.3.2.1\jbr\bin\msvcp140.dll
0x00007ffb4df40000 - 0x00007ffb4ed01000 	C:\Program Files\JetBrains\WebStorm 2024.3.2.1\jbr\bin\server\jvm.dll
0x00007ffc096c0000 - 0x00007ffc09774000 	C:\WINDOWS\System32\ADVAPI32.dll
0x00007ffc09510000 - 0x00007ffc095b6000 	C:\WINDOWS\System32\sechost.dll
0x00007ffc09320000 - 0x00007ffc09436000 	C:\WINDOWS\System32\RPCRT4.dll
0x00007ffc09c90000 - 0x00007ffc09d04000 	C:\WINDOWS\System32\WS2_32.dll
0x00007ffc07ea0000 - 0x00007ffc07eee000 	C:\WINDOWS\SYSTEM32\POWRPROF.dll
0x00007ffbf08d0000 - 0x00007ffbf0906000 	C:\WINDOWS\SYSTEM32\WINMM.dll
0x00007ffbfd520000 - 0x00007ffbfd52b000 	C:\WINDOWS\SYSTEM32\VERSION.dll
0x00007ffc07e80000 - 0x00007ffc07e94000 	C:\WINDOWS\SYSTEM32\UMPDC.dll
0x00007ffc07320000 - 0x00007ffc0733a000 	C:\WINDOWS\SYSTEM32\kernel.appcore.dll
0x00007ffbf9d00000 - 0x00007ffbf9d0a000 	C:\Program Files\JetBrains\WebStorm 2024.3.2.1\jbr\bin\jimage.dll
0x00007ffc05a90000 - 0x00007ffc05cd1000 	C:\WINDOWS\SYSTEM32\DBGHELP.DLL
0x00007ffc0a490000 - 0x00007ffc0a80e000 	C:\WINDOWS\System32\combase.dll
0x00007ffc09d10000 - 0x00007ffc09de6000 	C:\WINDOWS\System32\OLEAUT32.dll
0x00007ffbecc90000 - 0x00007ffbeccc9000 	C:\WINDOWS\SYSTEM32\dbgcore.DLL
0x00007ffc08660000 - 0x00007ffc086f9000 	C:\WINDOWS\System32\bcryptPrimitives.dll
0x00007ffbf72e0000 - 0x00007ffbf7300000 	C:\Program Files\JetBrains\WebStorm 2024.3.2.1\jbr\bin\java.dll

dbghelp: loaded successfully - version: 4.0.5 - missing functions: none
symbol engine: initialized successfully - sym options: 0x614 - pdb path: .;C:\Program Files\JetBrains\WebStorm 2024.3.2.1\jbr\bin;C:\WINDOWS\SYSTEM32;C:\WINDOWS\WinSxS\amd64_microsoft.windows.common-controls_6595b64144ccf1df_6.0.26100.3037_none_3e09262ce333c378;C:\Program Files\JetBrains\WebStorm 2024.3.2.1\jbr\bin\server

VM Arguments:
jvm_args: -Djava.rmi.server.hostname=127.0.0.1 -Duser.timezone=UTC -Xmx2048m -Xms128m -Djdbc.classpath=C:\Users\valery.kamdem\AppData\Local\Temp\RemoteDriver93999.classpath.txt --add-exports=java.desktop/sun.awt=ALL-UNNAMED --add-exports=java.desktop/java.awt.peer=ALL-UNNAMED --add-opens=java.desktop/java.awt=ALL-UNNAMED --add-opens=jdk.unsupported/sun.misc=ALL-UNNAMED --add-opens=java.base/java.nio=ALL-UNNAMED --add-opens=java.base/java.util=ALL-UNNAMED -Dfile.encoding=UTF-8 -Dsun.stdout.encoding=UTF-8 -Dsun.stderr.encoding=UTF-8 
java_command: com.intellij.database.remote.RemoteJdbcServer org.postgresql.Driver
java_class_path (initial): C:\Program Files\JetBrains\WebStorm 2024.3.2.1\lib\util_rt.jar;C:\Program Files\JetBrains\WebStorm 2024.3.2.1\lib\util-8.jar;C:\Program Files\JetBrains\WebStorm 2024.3.2.1\lib\groovy.jar;C:\Program Files\JetBrains\WebStorm 2024.3.2.1\plugins\DatabaseTools\lib\jdbc-console.jar;C:\Program Files\JetBrains\WebStorm 2024.3.2.1\plugins\grid-core-impl\lib\jdbc-console-types.jar;C:\Program Files\JetBrains\WebStorm 2024.3.2.1\lib\util.jar;C:\Program Files\JetBrains\WebStorm 2024.3.2.1\lib\bouncy-castle.jar
Launcher Type: SUN_STANDARD

[Global flags]
     intx CICompilerCount                          = 4                                         {product} {ergonomic}
     uint ConcGCThreads                            = 2                                         {product} {ergonomic}
     uint G1ConcRefinementThreads                  = 8                                         {product} {ergonomic}
   size_t G1HeapRegionSize                         = 1048576                                   {product} {ergonomic}
    uintx GCDrainStackTargetSize                   = 64                                        {product} {ergonomic}
   size_t InitialHeapSize                          = 134217728                                 {product} {command line}
   size_t MarkStackSize                            = 4194304                                   {product} {ergonomic}
   size_t MaxHeapSize                              = 2147483648                                {product} {command line}
   size_t MinHeapDeltaBytes                        = 1048576                                   {product} {ergonomic}
   size_t MinHeapSize                              = 134217728                                 {product} {command line}
    uintx NonNMethodCodeHeapSize                   = 5839372                                {pd product} {ergonomic}
    uintx NonProfiledCodeHeapSize                  = 122909434                              {pd product} {ergonomic}
    uintx ProfiledCodeHeapSize                     = 122909434                              {pd product} {ergonomic}
    uintx ReservedCodeCacheSize                    = 251658240                              {pd product} {ergonomic}
     bool SegmentedCodeCache                       = true                                      {product} {ergonomic}
   size_t SoftMaxHeapSize                          = 2147483648                             {manageable} {ergonomic}
     bool UseCompressedOops                        = true                           {product lp64_product} {ergonomic}
     bool UseG1GC                                  = true                                      {product} {ergonomic}
     bool UseLargePagesIndividualAllocation        = false                                  {pd product} {ergonomic}

Logging:
Log output configuration:
 #0: stdout all=warning uptime,level,tags foldmultilines=false
 #1: stderr all=off uptime,level,tags foldmultilines=false

Environment Variables:
JAVA_HOME=C:\Program Files\Java\jdk1.8.0_191
CLASSPATH=.;
PATH=C:\Program Files\Common Files\Oracle\Java\javapath;C:\Program Files\Microsoft\jdk-11.0.16.101-hotspot\bin;C:\Program Files\Eclipse Foundation\jdk-8.0.302.8-hotspot\bin;C:\Program Files\OpenJDK\jdk-11.0.11.9-hotspot\bin;C:\Program Files\Microsoft\jdk-16.0.2.7-hotspot\bin;C:\Program Files\Python39\;C:\Program Files\Python39\Scripts\;C:\Program Files\Python39\python.exe;C:\WINDOWS\system32;C:\WINDOWS;C:\WINDOWS\System32\Wbem;C:\WINDOWS\System32\WindowsPowerShell\v1.0\;C:\Program Files\dotnet\;C:\ProgramData\chocolatey\bin;C:\Program Files\Java\jdk1.8.0_191\bin;C:\Android\android-sdk\tools;C:\Android\android-sdk\platform-tools;C:\Android\android-sdk\tools\bin;C:\WINDOWS\System32\OpenSSH\;C:\Program Files\Microsoft SQL Server\Client SDK\ODBC\130\Tools\Binn\;C:\Program Files\PuTTY\;C:\Program Files\Microsoft SQL Server\Client SDK\ODBC\170\Tools\Binn\;C:\src\flutter\bin;C:\Program Files (x86)\Windows Kits\10\Windows Performance Toolkit\;C:\Program Files (x86)\Microsoft SQL Server\150\Tools\Binn\;C:\Program Files\Microsoft SQL Server\150\Tools\Binn\;C:\Program Files\Microsoft SQL Server\150\DTS\Binn\;C:\Program Files\Azure Data Studio\bin;C:\Program Files (x86)\GitExtensions\;C:\WINDOWS\system32;C:\WINDOWS;C:\WINDOWS\System32\Wbem;C:\WINDOWS\System32\WindowsPowerShell\v1.0\;C:\WINDOWS\System32\OpenSSH\;C:\Program Files\SafeNet\Authentication\SAC\x64;C:\Program Files\SafeNet\Authentication\SAC\x32;C:\HashiCorp\Vagrant\bin;C:\Program Files (x86)\Microsoft SQL Server\160\DTS\Binn\;C:\Program Files (x86)\Microsoft SQL Server\160\Tools\Binn\;C:\Program Files\Microsoft SQL Server\160\Tools\Binn\;C:\Program Files\Microsoft SQL Server\160\DTS\Binn\;C:\Program Files\nodejs\;C:\Program Files\Git\cmd;C:\Program Files\PowerShell\7\;C:\Program Files\Docker\Docker\resources\bin;C:\Users\valery.kamdem\AppData\Local\Programs\Python\Python312\Scripts\;C:\Users\valery.kamdem\AppData\Local\Programs\Python\Python312\;C:\Users\valery.kamdem\AppData\Local\Programs\Python\Python310\Scripts\;C:\Users\valery.kamdem\AppData\Local\Programs\Python\Python310\;C:\Users\valery.kamdem\AppData\Local\Microsoft\WindowsApps;C:\Users\valery.kamdem\AppData\Local\Programs\Microsoft VS Code\bin;C:\Users\valery.kamdem\.dotnet\tools;C:\Users\valery.kamdem\AppData\Local\Microsoft\WindowsApps;C:\Users\valery.kamdem\.dotnet\tools;C:\Program Files\Azure Data Studio\bin;C:\Program Files\Oracle\VirtualBox;C:\Users\valery.kamdem\AppData\Local\GitHubDesktop\bin;C:\Users\valery.kamdem\AppData\Roaming\npm;C:\Program Files\Python39;C:\Windows\System32;;C:\Program Files\JetBrains\WebStorm 2024.3.2.1\bin;
USERNAME=ValeryKamdem
OS=Windows_NT
PROCESSOR_IDENTIFIER=Intel64 Family 6 Model 142 Stepping 10, GenuineIntel
TMP=C:\Users\VALERY~1.KAM\AppData\Local\Temp
TEMP=C:\Users\VALERY~1.KAM\AppData\Local\Temp




Periodic native trim disabled

JNI global refs:
JNI global refs: 0, weak refs: 0

JNI global refs memory usage: 0, weak refs: 0

Process memory usage:
Resident Set Size: 13528K (0% of 16692236K total physical memory with 1126176K free physical memory)

OOME stack traces (most recent first):
Classloader memory used:

---------------  S Y S T E M  ---------------

OS:
 Windows 11 , 64 bit Build 26100 (10.0.26100.3037)
OS uptime: 4 days 0:12 hours
Hyper-V role detected

CPU: total 8 (initial active 8) (4 cores per cpu, 2 threads per core) family 6 model 142 stepping 10 microcode 0xf0, cx8, cmov, fxsr, ht, mmx, 3dnowpref, sse, sse2, sse3, ssse3, sse4.1, sse4.2, popcnt, lzcnt, tsc, tscinvbit, avx, avx2, aes, erms, clmul, bmi1, bmi2, rtm, adx, fma, vzeroupper, clflush, clflushopt, hv, rdtscp, f16c
Processor Information for the first 8 processors :
  Max Mhz: 2112, Current Mhz: 1910, Mhz Limit: 1900

Memory: 4k page, system-wide physical 16301M (1099M free)
TotalPageFile size 40877M (AvailPageFile size 60M)
current process WorkingSet (physical memory assigned to process): 13M, peak: 13M
current process commit charge ("private bytes"): 60M, peak: 188M

vm_info: OpenJDK 64-Bit Server VM (21.0.6+8-b631.39) for windows-amd64 JRE (21.0.6+8-b631.39), built on 2025-02-04 by "builduser" with MS VC++ 16.10 / 16.11 (VS2019)

END.
